// Jest Snapshot v1, https://goo.gl/fbAQLP

exports[`DiagnosekodeSearch works initial empty search returns pages of results 1`] = `
<table
  class="navds-table navds-table--small"
>
  <thead
    class="navds-table__header"
  >
    <tr
      class="navds-table__row navds-table__row--shade-on-hover"
    >
      <th
        class="navds-table__header-cell navds-label diagnosekodeCol"
        scope="col"
      >
        Kode
      </th>
      <th
        class="navds-table__header-cell navds-label"
        scope="col"
      >
        Beskrivelse
      </th>
      <th
        class="navds-table__header-cell navds-label actionCol"
        scope="col"
      />
    </tr>
  </thead>
  <tbody
    class="navds-table__body nonTransparent"
  >
    <tr
      class="navds-table__row diagnosekoderow navds-table__row--shade-on-hover"
    >
      <td
        class="navds-table__data-cell navds-body-short navds-body-short--medium"
      >
        A000
      </td>
      <td
        class="navds-table__data-cell navds-body-short navds-body-short--medium"
      >
        Diagnose 1
      </td>
      <td
        class="navds-table__data-cell navds-body-short navds-body-short--medium"
      >
        <button
          aria-label="Velg"
          class="navds-button navds-button--tertiary navds-button--small navds-button--icon-only"
        >
          <span
            class="navds-button__icon"
          >
            <svg
              aria-hidden="true"
              fill="none"
              focusable="false"
              height="1em"
              role="img"
              viewBox="0 0 24 24"
              width="1em"
              xmlns="http://www.w3.org/2000/svg"
            >
              <path
                d="M14.087 6.874a.752.752 0 0 0-.117 1.156l3.22 3.22H5a.75.75 0 0 0 0 1.5h12.19l-3.22 3.22a.75.75 0 0 0 1.06 1.06l4.5-4.5a.75.75 0 0 0 0-1.06l-4.5-4.5a.75.75 0 0 0-.943-.096Z"
                fill="currentColor"
              />
            </svg>
          </span>
        </button>
      </td>
    </tr>
    <tr
      class="navds-table__row diagnosekoderow navds-table__row--shade-on-hover"
    >
      <td
        class="navds-table__data-cell navds-body-short navds-body-short--medium"
      >
        A001
      </td>
      <td
        class="navds-table__data-cell navds-body-short navds-body-short--medium"
      >
        Diagnose 2
      </td>
      <td
        class="navds-table__data-cell navds-body-short navds-body-short--medium"
      >
        <button
          aria-label="Velg"
          class="navds-button navds-button--tertiary navds-button--small navds-button--icon-only"
        >
          <span
            class="navds-button__icon"
          >
            <svg
              aria-hidden="true"
              fill="none"
              focusable="false"
              height="1em"
              role="img"
              viewBox="0 0 24 24"
              width="1em"
              xmlns="http://www.w3.org/2000/svg"
            >
              <path
                d="M14.087 6.874a.752.752 0 0 0-.117 1.156l3.22 3.22H5a.75.75 0 0 0 0 1.5h12.19l-3.22 3.22a.75.75 0 0 0 1.06 1.06l4.5-4.5a.75.75 0 0 0 0-1.06l-4.5-4.5a.75.75 0 0 0-.943-.096Z"
                fill="currentColor"
              />
            </svg>
          </span>
        </button>
      </td>
    </tr>
    <tr
      class="navds-table__row diagnosekoderow navds-table__row--shade-on-hover"
    >
      <td
        class="navds-table__data-cell navds-body-short navds-body-short--medium"
      >
        A002
      </td>
      <td
        class="navds-table__data-cell navds-body-short navds-body-short--medium"
      >
        Diagnose 3
      </td>
      <td
        class="navds-table__data-cell navds-body-short navds-body-short--medium"
      >
        <button
          aria-label="Velg"
          class="navds-button navds-button--tertiary navds-button--small navds-button--icon-only"
        >
          <span
            class="navds-button__icon"
          >
            <svg
              aria-hidden="true"
              fill="none"
              focusable="false"
              height="1em"
              role="img"
              viewBox="0 0 24 24"
              width="1em"
              xmlns="http://www.w3.org/2000/svg"
            >
              <path
                d="M14.087 6.874a.752.752 0 0 0-.117 1.156l3.22 3.22H5a.75.75 0 0 0 0 1.5h12.19l-3.22 3.22a.75.75 0 0 0 1.06 1.06l4.5-4.5a.75.75 0 0 0 0-1.06l-4.5-4.5a.75.75 0 0 0-.943-.096Z"
                fill="currentColor"
              />
            </svg>
          </span>
        </button>
      </td>
    </tr>
  </tbody>
</table>
`;
